tusha@DESKTOP-EP87TBA MINGW64 ~/git (master)
$ git init
Initialized empty Git repository in C:/Users/tusha/git/.git/

tusha@DESKTOP-EP87TBA MINGW64 ~/git (master)
$ touch log.txt

tusha@DESKTOP-EP87TBA MINGW64 ~/git (master)
$ git config --global user.name 'tushartamhane'

tusha@DESKTOP-EP87TBA MINGW64 ~/git (master)
$ git config --global user.email 'tushar72870@gmail.com'

tusha@DESKTOP-EP87TBA MINGW64 ~/git (master)
$ git status
On branch master

No commits yet

Untracked files:
  (use "git add <file>..." to include in what will be committed)

        gitmyrepository/
        log.txt

nothing added to commit but untracked files present (use "git add" to track)

tusha@DESKTOP-EP87TBA MINGW64 ~/git (master)
$ git add .

tusha@DESKTOP-EP87TBA MINGW64 ~/git (master)
$ git status
On branch master

No commits yet

Changes to be committed:
  (use "git rm --cached <file>..." to unstage)

        new file:   gitmyrepository/Demo/.classpath
        new file:   gitmyrepository/Demo/.project
        new file:   gitmyrepository/Demo/.settings/org.eclipse.jdt.core.prefs
        new file:   gitmyrepository/Demo/bin/com/cjc/Test.class
        new file:   gitmyrepository/Demo/src/com/cjc/Test.java
        new file:   log.txt


tusha@DESKTOP-EP87TBA MINGW64 ~/git (master)
$ git commit -m "first commit"
[master (root-commit) 115dd02] first commit
 6 files changed, 61 insertions(+)
 create mode 100644 gitmyrepository/Demo/.classpath
 create mode 100644 gitmyrepository/Demo/.project
 create mode 100644 gitmyrepository/Demo/.settings/org.eclipse.jdt.core.prefs
 create mode 100644 gitmyrepository/Demo/bin/com/cjc/Test.class
 create mode 100644 gitmyrepository/Demo/src/com/cjc/Test.java
 create mode 100644 log.txt

tusha@DESKTOP-EP87TBA MINGW64 ~/git (master)
$ git remote add origin https://github.com/tushartamhane/RentBike.git

tusha@DESKTOP-EP87TBA MINGW64 ~/git (master)
$ git push -u origin master
Enumerating objects: 17, done.
Counting objects: 100% (17/17), done.
Delta compression using up to 4 threads
Compressing objects: 100% (9/9), done.
Writing objects: 100% (17/17), 2.01 KiB | 171.00 KiB/s, done.
Total 17 (delta 0), reused 0 (delta 0)
To https://github.com/tushartamhane/RentBike.git
 * [new branch]      master -> master
Branch 'master' set up to track remote branch 'master' from 'origin'.

tusha@DESKTOP-EP87TBA MINGW64 ~/git (master)
$
